// Jest Snapshot v1, https://jestjs.io/docs/snapshot-testing

exports[`TEMPLATES matches a catalog snapshot for every template 1`] = `
[
  {
    "accent": "#1B1812",
    "darkHeader": false,
    "density": "compact",
    "description": "Classic engineering column",
    "fontDisplay": "sans",
    "headingStyle": "rule-full",
    "id": "jakes-resume",
    "italicHeadings": false,
    "layout": "single",
    "name": "Atlas",
    "showAvatar": false,
    "sidebarSide": null,
    "sidebarStyle": null,
    "supportsDarkToggle": false,
  },
  {
    "accent": "#2F5D8A",
    "darkHeader": false,
    "density": "relaxed",
    "description": "Calm steel-blue titles",
    "fontDisplay": "sans",
    "headingStyle": "tracked",
    "id": "bre-cool",
    "italicHeadings": false,
    "layout": "single",
    "name": "Harbor",
    "showAvatar": false,
    "sidebarSide": null,
    "sidebarStyle": null,
    "supportsDarkToggle": false,
  },
  {
    "accent": "#D9713C",
    "darkHeader": false,
    "density": "relaxed",
    "description": "Warm coral sidebar",
    "fontDisplay": "sans",
    "headingStyle": "icon",
    "id": "bre-creative",
    "italicHeadings": false,
    "layout": "sidebar",
    "name": "Ember",
    "showAvatar": true,
    "sidebarSide": "left",
    "sidebarStyle": "solid",
    "supportsDarkToggle": false,
  },
  {
    "accent": "#3F6B4F",
    "darkHeader": false,
    "density": "relaxed",
    "description": "Quiet green serif",
    "fontDisplay": "serif",
    "headingStyle": "rule-partial",
    "id": "bre-green",
    "italicHeadings": false,
    "layout": "single",
    "name": "Grove",
    "showAvatar": false,
    "sidebarSide": null,
    "sidebarStyle": null,
    "supportsDarkToggle": false,
  },
  {
    "accent": "#6A4C93",
    "darkHeader": false,
    "density": "relaxed",
    "description": "Boxed violet titles",
    "fontDisplay": "sans",
    "headingStyle": "boxed",
    "id": "bre-purple",
    "italicHeadings": false,
    "layout": "single",
    "name": "Violet",
    "showAvatar": false,
    "sidebarSide": null,
    "sidebarStyle": null,
    "supportsDarkToggle": false,
  },
  {
    "accent": "#3A4750",
    "darkHeader": false,
    "density": "compact",
    "description": "Compact slate rail",
    "fontDisplay": "sans",
    "headingStyle": "rule-partial",
    "id": "bre-sidebar",
    "italicHeadings": false,
    "layout": "sidebar",
    "name": "Slate",
    "showAvatar": false,
    "sidebarSide": "left",
    "sidebarStyle": "solid",
    "supportsDarkToggle": false,
  },
  {
    "accent": "#8A6240",
    "darkHeader": false,
    "density": "relaxed",
    "description": "Right-hand details rail",
    "fontDisplay": "serif",
    "headingStyle": "rule-partial",
    "id": "bre-leftright",
    "italicHeadings": false,
    "layout": "sidebar",
    "name": "Aisle",
    "showAvatar": false,
    "sidebarSide": "right",
    "sidebarStyle": null,
    "supportsDarkToggle": false,
  },
  {
    "accent": "#C9932F",
    "darkHeader": true,
    "density": "relaxed",
    "description": "Gold name band",
    "fontDisplay": "sans",
    "headingStyle": "rule-full",
    "id": "bre-material-dark",
    "italicHeadings": false,
    "layout": "single",
    "name": "Marquee",
    "showAvatar": false,
    "sidebarSide": null,
    "sidebarStyle": null,
    "supportsDarkToggle": false,
  },
  {
    "accent": "#B5522A",
    "darkHeader": false,
    "density": "relaxed",
    "description": "Italic orange titles",
    "fontDisplay": "serif",
    "headingStyle": "tracked",
    "id": "bre-oblique",
    "italicHeadings": true,
    "layout": "single",
    "name": "Lean",
    "showAvatar": false,
    "sidebarSide": null,
    "sidebarStyle": null,
    "supportsDarkToggle": false,
  },
  {
    "accent": "#26415E",
    "darkHeader": false,
    "density": "relaxed",
    "description": "Navy photo sidebar",
    "fontDisplay": "sans",
    "headingStyle": "rule-partial",
    "id": "start-bootstrap-resume",
    "italicHeadings": false,
    "layout": "sidebar",
    "name": "Navy",
    "showAvatar": true,
    "sidebarSide": "left",
    "sidebarStyle": null,
    "supportsDarkToggle": false,
  },
  {
    "accent": "#7A2E2E",
    "darkHeader": false,
    "density": "compact",
    "description": "Dense two columns",
    "fontDisplay": "sans",
    "headingStyle": "tracked",
    "id": "deedy-reversed",
    "italicHeadings": false,
    "layout": "asymmetric",
    "name": "Twin",
    "showAvatar": false,
    "sidebarSide": null,
    "sidebarStyle": null,
    "supportsDarkToggle": false,
  },
  {
    "accent": "#46637A",
    "darkHeader": false,
    "density": "relaxed",
    "description": "Serif with heading marks",
    "fontDisplay": "serif",
    "headingStyle": "icon",
    "id": "billryan",
    "italicHeadings": false,
    "layout": "single",
    "name": "Glyph",
    "showAvatar": false,
    "sidebarSide": null,
    "sidebarStyle": null,
    "supportsDarkToggle": false,
  },
  {
    "accent": "#22333B",
    "darkHeader": false,
    "density": "relaxed",
    "description": "Print-first and clean",
    "fontDisplay": "sans",
    "headingStyle": "rule-partial",
    "id": "online-resume",
    "italicHeadings": false,
    "layout": "single",
    "name": "Folio",
    "showAvatar": false,
    "sidebarSide": null,
    "sidebarStyle": null,
    "supportsDarkToggle": false,
  },
  {
    "accent": "#33322E",
    "darkHeader": false,
    "density": "compact",
    "description": "High-density serif",
    "fontDisplay": "serif",
    "headingStyle": "plain",
    "id": "simple-cv",
    "italicHeadings": false,
    "layout": "single",
    "name": "Index",
    "showAvatar": false,
    "sidebarSide": null,
    "sidebarStyle": null,
    "supportsDarkToggle": false,
  },
  {
    "accent": "#1D3557",
    "darkHeader": false,
    "density": "relaxed",
    "description": "Traditional academic",
    "fontDisplay": "serif",
    "headingStyle": "rule-partial",
    "id": "rendercv-classic",
    "italicHeadings": false,
    "layout": "single",
    "name": "Thesis",
    "showAvatar": false,
    "sidebarSide": null,
    "sidebarStyle": null,
    "supportsDarkToggle": false,
  },
  {
    "accent": "#23486B",
    "darkHeader": false,
    "density": "relaxed",
    "description": "Full-width title rules",
    "fontDisplay": "serif",
    "headingStyle": "rule-full",
    "id": "rendercv-sb2nov",
    "italicHeadings": false,
    "layout": "single",
    "name": "Spine",
    "showAvatar": false,
    "sidebarSide": null,
    "sidebarStyle": null,
    "supportsDarkToggle": false,
  },
  {
    "accent": "#2F5D55",
    "darkHeader": true,
    "density": "relaxed",
    "description": "Teal header and sidebar",
    "fontDisplay": "sans",
    "headingStyle": "rule-partial",
    "id": "rendercv-moderncv",
    "italicHeadings": false,
    "layout": "sidebar",
    "name": "Campus",
    "showAvatar": false,
    "sidebarSide": "left",
    "sidebarStyle": null,
    "supportsDarkToggle": false,
  },
  {
    "accent": "#41454c",
    "darkHeader": false,
    "density": "compact",
    "description": "Compact engineering",
    "fontDisplay": "sans",
    "headingStyle": "tracked",
    "id": "rendercv-engineering",
    "italicHeadings": false,
    "layout": "single",
    "name": "Gauge",
    "showAvatar": false,
    "sidebarSide": null,
    "sidebarStyle": null,
    "supportsDarkToggle": false,
  },
  {
    "accent": "#4A6FA5",
    "darkHeader": false,
    "density": "relaxed",
    "description": "Light and scannable",
    "fontDisplay": "sans",
    "headingStyle": "plain",
    "id": "jsonresume-flat",
    "italicHeadings": false,
    "layout": "single",
    "name": "Air",
    "showAvatar": false,
    "sidebarSide": null,
    "sidebarStyle": null,
    "supportsDarkToggle": false,
  },
  {
    "accent": "#4A4A4A",
    "darkHeader": false,
    "density": "relaxed",
    "description": "Clean, with light/dark",
    "fontDisplay": "sans",
    "headingStyle": "rule-partial",
    "id": "jsonresume-vitae",
    "italicHeadings": false,
    "layout": "single",
    "name": "Vitae",
    "showAvatar": false,
    "sidebarSide": null,
    "sidebarStyle": null,
    "supportsDarkToggle": true,
  },
  {
    "accent": "#A67C00",
    "darkHeader": false,
    "density": "relaxed",
    "description": "Boxed gold titles",
    "fontDisplay": "sans",
    "headingStyle": "boxed",
    "id": "jsonresume-futura",
    "italicHeadings": false,
    "layout": "single",
    "name": "Nova",
    "showAvatar": false,
    "sidebarSide": null,
    "sidebarStyle": null,
    "supportsDarkToggle": false,
  },
  {
    "accent": "#0B1F3A",
    "darkHeader": false,
    "density": "compact",
    "description": "Executive navy column",
    "fontDisplay": "sans",
    "headingStyle": "rule-full",
    "id": "summit",
    "italicHeadings": false,
    "layout": "single",
    "name": "Summit",
    "showAvatar": false,
    "sidebarSide": null,
    "sidebarStyle": null,
    "supportsDarkToggle": false,
  },
  {
    "accent": "#1E4D6B",
    "darkHeader": false,
    "density": "compact",
    "description": "Balanced two-column CV",
    "fontDisplay": "sans",
    "headingStyle": "rule-partial",
    "id": "meridian",
    "italicHeadings": false,
    "layout": "asymmetric",
    "name": "Meridian",
    "showAvatar": false,
    "sidebarSide": null,
    "sidebarStyle": null,
    "supportsDarkToggle": false,
  },
  {
    "accent": "#8B2942",
    "darkHeader": false,
    "density": "relaxed",
    "description": "Portrait burgundy rail",
    "fontDisplay": "serif",
    "headingStyle": "icon",
    "id": "atelier",
    "italicHeadings": false,
    "layout": "sidebar",
    "name": "Atelier",
    "showAvatar": true,
    "sidebarSide": "right",
    "sidebarStyle": "solid",
    "supportsDarkToggle": false,
  },
  {
    "accent": "#25282B",
    "darkHeader": false,
    "density": "compact",
    "description": "Tight charcoal finance",
    "fontDisplay": "sans",
    "headingStyle": "plain",
    "id": "ledger",
    "italicHeadings": false,
    "layout": "single",
    "name": "Ledger",
    "showAvatar": false,
    "sidebarSide": null,
    "sidebarStyle": null,
    "supportsDarkToggle": false,
  },
  {
    "accent": "#1A5C45",
    "darkHeader": false,
    "density": "relaxed",
    "description": "Editorial italic serif",
    "fontDisplay": "serif",
    "headingStyle": "tracked",
    "id": "quill",
    "italicHeadings": true,
    "layout": "single",
    "name": "Quill",
    "showAvatar": false,
    "sidebarSide": null,
    "sidebarStyle": null,
    "supportsDarkToggle": false,
  },
  {
    "accent": "#0A6B7C",
    "darkHeader": false,
    "density": "relaxed",
    "description": "Ocean photo sidebar",
    "fontDisplay": "sans",
    "headingStyle": "boxed",
    "id": "pacific",
    "italicHeadings": false,
    "layout": "sidebar",
    "name": "Pacific",
    "showAvatar": true,
    "sidebarSide": "left",
    "sidebarStyle": "solid",
    "supportsDarkToggle": false,
  },
  {
    "accent": "#A65D32",
    "darkHeader": true,
    "density": "relaxed",
    "description": "Warm copper name band",
    "fontDisplay": "serif",
    "headingStyle": "boxed",
    "id": "copper",
    "italicHeadings": false,
    "layout": "single",
    "name": "Copper",
    "showAvatar": false,
    "sidebarSide": null,
    "sidebarStyle": null,
    "supportsDarkToggle": false,
  },
  {
    "accent": "#111827",
    "darkHeader": true,
    "density": "compact",
    "description": "Midnight header rail",
    "fontDisplay": "sans",
    "headingStyle": "rule-full",
    "id": "inkwell",
    "italicHeadings": false,
    "layout": "sidebar",
    "name": "Inkwell",
    "showAvatar": false,
    "sidebarSide": "left",
    "sidebarStyle": null,
    "supportsDarkToggle": false,
  },
  {
    "accent": "#3C241F",
    "darkHeader": false,
    "density": "compact",
    "description": "Espresso compact rail",
    "fontDisplay": "serif",
    "headingStyle": "boxed",
    "id": "sable",
    "italicHeadings": false,
    "layout": "sidebar",
    "name": "Sable",
    "showAvatar": false,
    "sidebarSide": "right",
    "sidebarStyle": null,
    "supportsDarkToggle": false,
  },
  {
    "accent": "#3F3D9B",
    "darkHeader": false,
    "density": "relaxed",
    "description": "Indigo split with photo",
    "fontDisplay": "sans",
    "headingStyle": "icon",
    "id": "prism",
    "italicHeadings": false,
    "layout": "asymmetric",
    "name": "Prism",
    "showAvatar": true,
    "sidebarSide": null,
    "sidebarStyle": null,
    "supportsDarkToggle": false,
  },
  {
    "accent": "#8B6F47",
    "darkHeader": false,
    "density": "relaxed",
    "description": "Label-rail European CV",
    "fontDisplay": "sans",
    "headingStyle": "rule-full",
    "id": "dossier",
    "italicHeadings": false,
    "layout": "labeled",
    "name": "Dossier",
    "showAvatar": false,
    "sidebarSide": null,
    "sidebarStyle": null,
    "supportsDarkToggle": false,
  },
]
`;
