// Jest Snapshot v1, https://jestjs.io/docs/snapshot-testing

exports[`TEMPLATES matches a catalog snapshot for every template 1`] = `
[
  {
    "accent": "#1B1812",
    "darkHeader": false,
    "density": "compact",
    "description": "Classic engineering column",
    "displayFont": null,
    "fontDisplay": "sans",
    "headerColor": null,
    "headingStyle": "rule-full",
    "id": "atlas",
    "italicHeadings": false,
    "layout": "single",
    "name": "Atlas",
    "railColor": null,
    "showAvatar": false,
    "sidebarSide": null,
    "sidebarStyle": null,
    "supportsDarkToggle": false,
    "variant": null,
  },
  {
    "accent": "#AE472F",
    "darkHeader": true,
    "density": "compact",
    "description": "Navy band, terracotta titles",
    "displayFont": null,
    "fontDisplay": "sans",
    "headerColor": "#0F2A44",
    "headingStyle": "rule-full",
    "id": "tidewater",
    "italicHeadings": false,
    "layout": "sidebar",
    "name": "Tidewater",
    "railColor": "#0F2A44",
    "showAvatar": false,
    "sidebarSide": "left",
    "sidebarStyle": null,
    "supportsDarkToggle": false,
    "variant": null,
  },
  {
    "accent": "#3F3D9B",
    "darkHeader": false,
    "density": "relaxed",
    "description": "Indigo split with photo",
    "displayFont": null,
    "fontDisplay": "sans",
    "headerColor": null,
    "headingStyle": "icon",
    "id": "prism",
    "italicHeadings": false,
    "layout": "asymmetric",
    "name": "Prism",
    "railColor": null,
    "showAvatar": true,
    "sidebarSide": null,
    "sidebarStyle": null,
    "supportsDarkToggle": false,
    "variant": null,
  },
  {
    "accent": "#B23A48",
    "darkHeader": false,
    "density": "relaxed",
    "description": "Navy name, crimson titles",
    "displayFont": null,
    "fontDisplay": "serif",
    "headerColor": "#1D3557",
    "headingStyle": "rule-partial",
    "id": "oxford",
    "italicHeadings": false,
    "layout": "single",
    "name": "Oxford",
    "railColor": null,
    "showAvatar": false,
    "sidebarSide": null,
    "sidebarStyle": null,
    "supportsDarkToggle": false,
    "variant": null,
  },
  {
    "accent": "#D9713C",
    "darkHeader": false,
    "density": "relaxed",
    "description": "Warm coral sidebar",
    "displayFont": null,
    "fontDisplay": "sans",
    "headerColor": null,
    "headingStyle": "icon",
    "id": "ember",
    "italicHeadings": false,
    "layout": "sidebar",
    "name": "Ember",
    "railColor": null,
    "showAvatar": true,
    "sidebarSide": "left",
    "sidebarStyle": "solid",
    "supportsDarkToggle": false,
    "variant": null,
  },
  {
    "accent": "#C9932F",
    "darkHeader": true,
    "density": "relaxed",
    "description": "Gold name band",
    "displayFont": null,
    "fontDisplay": "sans",
    "headerColor": null,
    "headingStyle": "rule-full",
    "id": "marquee",
    "italicHeadings": false,
    "layout": "single",
    "name": "Marquee",
    "railColor": null,
    "showAvatar": false,
    "sidebarSide": null,
    "sidebarStyle": null,
    "supportsDarkToggle": false,
    "variant": null,
  },
  {
    "accent": "#0F4C4D",
    "darkHeader": false,
    "density": "relaxed",
    "description": "Timeline with copper dates",
    "displayFont": "fraunces",
    "fontDisplay": "sans",
    "headerColor": "#A8662F",
    "headingStyle": "tracked-rule",
    "id": "horizon",
    "italicHeadings": false,
    "layout": "single",
    "name": "Horizon",
    "railColor": null,
    "showAvatar": false,
    "sidebarSide": null,
    "sidebarStyle": null,
    "supportsDarkToggle": false,
    "variant": "horizon",
  },
  {
    "accent": "#0A6B7C",
    "darkHeader": false,
    "density": "relaxed",
    "description": "Ocean photo sidebar",
    "displayFont": null,
    "fontDisplay": "sans",
    "headerColor": null,
    "headingStyle": "boxed",
    "id": "pacific",
    "italicHeadings": false,
    "layout": "sidebar",
    "name": "Pacific",
    "railColor": null,
    "showAvatar": true,
    "sidebarSide": "left",
    "sidebarStyle": "solid",
    "supportsDarkToggle": false,
    "variant": null,
  },
  {
    "accent": "#3F6B4F",
    "darkHeader": false,
    "density": "relaxed",
    "description": "Quiet green serif",
    "displayFont": null,
    "fontDisplay": "serif",
    "headerColor": null,
    "headingStyle": "rule-partial",
    "id": "grove",
    "italicHeadings": false,
    "layout": "single",
    "name": "Grove",
    "railColor": null,
    "showAvatar": false,
    "sidebarSide": null,
    "sidebarStyle": null,
    "supportsDarkToggle": false,
    "variant": null,
  },
  {
    "accent": "#B83A72",
    "darkHeader": true,
    "density": "compact",
    "description": "Aubergine band, rose titles",
    "displayFont": null,
    "fontDisplay": "serif",
    "headerColor": "#3B1F4A",
    "headingStyle": "rule-full",
    "id": "plum",
    "italicHeadings": false,
    "layout": "sidebar",
    "name": "Plum",
    "railColor": "#3B1F4A",
    "showAvatar": false,
    "sidebarSide": "left",
    "sidebarStyle": null,
    "supportsDarkToggle": false,
    "variant": null,
  },
  {
    "accent": "#2F5D8A",
    "darkHeader": false,
    "density": "relaxed",
    "description": "Calm steel-blue titles",
    "displayFont": null,
    "fontDisplay": "sans",
    "headerColor": null,
    "headingStyle": "tracked",
    "id": "harbor",
    "italicHeadings": false,
    "layout": "single",
    "name": "Harbor",
    "railColor": null,
    "showAvatar": false,
    "sidebarSide": null,
    "sidebarStyle": null,
    "supportsDarkToggle": false,
    "variant": null,
  },
  {
    "accent": "#8F6D2A",
    "darkHeader": false,
    "density": "relaxed",
    "description": "Midnight band, gold results",
    "displayFont": "playfair",
    "fontDisplay": "sans",
    "headerColor": "#121A2F",
    "headingStyle": "serif-title",
    "id": "pivot",
    "italicHeadings": false,
    "layout": "single",
    "name": "Pivot",
    "railColor": null,
    "showAvatar": false,
    "sidebarSide": null,
    "sidebarStyle": null,
    "supportsDarkToggle": false,
    "variant": "pivot",
  },
  {
    "accent": "#8B6F47",
    "darkHeader": false,
    "density": "relaxed",
    "description": "Label-rail European CV",
    "displayFont": null,
    "fontDisplay": "sans",
    "headerColor": null,
    "headingStyle": "rule-full",
    "id": "dossier",
    "italicHeadings": false,
    "layout": "labeled",
    "name": "Dossier",
    "railColor": null,
    "showAvatar": false,
    "sidebarSide": null,
    "sidebarStyle": null,
    "supportsDarkToggle": false,
    "variant": null,
  },
  {
    "accent": "#6E2130",
    "darkHeader": false,
    "density": "relaxed",
    "description": "Academic, oxblood rules",
    "displayFont": null,
    "fontDisplay": "serif",
    "headerColor": "#1F1A17",
    "headingStyle": "centered",
    "id": "laureate",
    "italicHeadings": false,
    "layout": "single",
    "name": "Laureate",
    "railColor": null,
    "showAvatar": false,
    "sidebarSide": null,
    "sidebarStyle": null,
    "supportsDarkToggle": false,
    "variant": "laureate",
  },
  {
    "accent": "#6A4C93",
    "darkHeader": false,
    "density": "relaxed",
    "description": "Boxed violet titles",
    "displayFont": null,
    "fontDisplay": "sans",
    "headerColor": null,
    "headingStyle": "boxed",
    "id": "violet",
    "italicHeadings": false,
    "layout": "single",
    "name": "Violet",
    "railColor": null,
    "showAvatar": false,
    "sidebarSide": null,
    "sidebarStyle": null,
    "supportsDarkToggle": false,
    "variant": null,
  },
  {
    "accent": "#7A2E2E",
    "darkHeader": false,
    "density": "compact",
    "description": "Dense two columns",
    "displayFont": null,
    "fontDisplay": "sans",
    "headerColor": null,
    "headingStyle": "tracked",
    "id": "twin",
    "italicHeadings": false,
    "layout": "asymmetric",
    "name": "Twin",
    "railColor": null,
    "showAvatar": false,
    "sidebarSide": null,
    "sidebarStyle": null,
    "supportsDarkToggle": false,
    "variant": null,
  },
  {
    "accent": "#9C6B00",
    "darkHeader": true,
    "density": "relaxed",
    "description": "Indigo band, gold titles",
    "displayFont": null,
    "fontDisplay": "serif",
    "headerColor": "#2A2350",
    "headingStyle": "rule-partial",
    "id": "regent",
    "italicHeadings": false,
    "layout": "single",
    "name": "Regent",
    "railColor": null,
    "showAvatar": false,
    "sidebarSide": null,
    "sidebarStyle": null,
    "supportsDarkToggle": false,
    "variant": null,
  },
  {
    "accent": "#B5522A",
    "darkHeader": false,
    "density": "relaxed",
    "description": "Italic orange titles",
    "displayFont": null,
    "fontDisplay": "serif",
    "headerColor": null,
    "headingStyle": "tracked",
    "id": "lean",
    "italicHeadings": true,
    "layout": "single",
    "name": "Lean",
    "railColor": null,
    "showAvatar": false,
    "sidebarSide": null,
    "sidebarStyle": null,
    "supportsDarkToggle": false,
    "variant": null,
  },
  {
    "accent": "#8C5A12",
    "darkHeader": true,
    "density": "compact",
    "description": "Forest band, ochre titles",
    "displayFont": null,
    "fontDisplay": "sans",
    "headerColor": "#1F3D36",
    "headingStyle": "rule-full",
    "id": "evergreen",
    "italicHeadings": false,
    "layout": "sidebar",
    "name": "Evergreen",
    "railColor": "#1F3D36",
    "showAvatar": false,
    "sidebarSide": "left",
    "sidebarStyle": null,
    "supportsDarkToggle": false,
    "variant": null,
  },
  {
    "accent": "#4A6FA5",
    "darkHeader": false,
    "density": "relaxed",
    "description": "Light and scannable",
    "displayFont": null,
    "fontDisplay": "sans",
    "headerColor": null,
    "headingStyle": "plain",
    "id": "air",
    "italicHeadings": false,
    "layout": "single",
    "name": "Air",
    "railColor": null,
    "showAvatar": false,
    "sidebarSide": null,
    "sidebarStyle": null,
    "supportsDarkToggle": false,
    "variant": null,
  },
  {
    "accent": "#A0522D",
    "darkHeader": false,
    "density": "relaxed",
    "description": "Pine name, sienna titles",
    "displayFont": null,
    "fontDisplay": "serif",
    "headerColor": "#2F4F3E",
    "headingStyle": "rule-partial",
    "id": "laurel",
    "italicHeadings": false,
    "layout": "single",
    "name": "Laurel",
    "railColor": null,
    "showAvatar": false,
    "sidebarSide": null,
    "sidebarStyle": null,
    "supportsDarkToggle": false,
    "variant": null,
  },
  {
    "accent": "#8B2942",
    "darkHeader": false,
    "density": "relaxed",
    "description": "Portrait burgundy rail",
    "displayFont": null,
    "fontDisplay": "serif",
    "headerColor": null,
    "headingStyle": "icon",
    "id": "atelier",
    "italicHeadings": false,
    "layout": "sidebar",
    "name": "Atelier",
    "railColor": null,
    "showAvatar": true,
    "sidebarSide": "right",
    "sidebarStyle": "solid",
    "supportsDarkToggle": false,
    "variant": null,
  },
  {
    "accent": "#8A6D33",
    "darkHeader": false,
    "density": "relaxed",
    "description": "Executive, champagne rules",
    "displayFont": "cormorant",
    "fontDisplay": "sans",
    "headerColor": "#1C1C1E",
    "headingStyle": "tracked-rule",
    "id": "sterling",
    "italicHeadings": false,
    "layout": "single",
    "name": "Sterling",
    "railColor": null,
    "showAvatar": false,
    "sidebarSide": null,
    "sidebarStyle": null,
    "supportsDarkToggle": false,
    "variant": "sterling",
  },
  {
    "accent": "#0B1F3A",
    "darkHeader": false,
    "density": "compact",
    "description": "Executive navy column",
    "displayFont": null,
    "fontDisplay": "sans",
    "headerColor": null,
    "headingStyle": "rule-full",
    "id": "summit",
    "italicHeadings": false,
    "layout": "single",
    "name": "Summit",
    "railColor": null,
    "showAvatar": false,
    "sidebarSide": null,
    "sidebarStyle": null,
    "supportsDarkToggle": false,
    "variant": null,
  },
  {
    "accent": "#3A4750",
    "darkHeader": false,
    "density": "compact",
    "description": "Compact slate rail",
    "displayFont": null,
    "fontDisplay": "sans",
    "headerColor": null,
    "headingStyle": "rule-partial",
    "id": "slate",
    "italicHeadings": false,
    "layout": "sidebar",
    "name": "Slate",
    "railColor": null,
    "showAvatar": false,
    "sidebarSide": "left",
    "sidebarStyle": "solid",
    "supportsDarkToggle": false,
    "variant": null,
  },
  {
    "accent": "#A67C00",
    "darkHeader": false,
    "density": "relaxed",
    "description": "Boxed gold titles",
    "displayFont": null,
    "fontDisplay": "sans",
    "headerColor": null,
    "headingStyle": "boxed",
    "id": "nova",
    "italicHeadings": false,
    "layout": "single",
    "name": "Nova",
    "railColor": null,
    "showAvatar": false,
    "sidebarSide": null,
    "sidebarStyle": null,
    "supportsDarkToggle": false,
    "variant": null,
  },
  {
    "accent": "#9A4F5B",
    "darkHeader": false,
    "density": "relaxed",
    "description": "Monogram ring, rose gold",
    "displayFont": "cormorant",
    "fontDisplay": "sans",
    "headerColor": "#3D2233",
    "headingStyle": "centered",
    "id": "cameo",
    "italicHeadings": false,
    "layout": "single",
    "name": "Cameo",
    "railColor": null,
    "showAvatar": false,
    "sidebarSide": null,
    "sidebarStyle": null,
    "supportsDarkToggle": false,
    "variant": "cameo",
  },
  {
    "accent": "#1E4D6B",
    "darkHeader": false,
    "density": "compact",
    "description": "Balanced two-column CV",
    "displayFont": null,
    "fontDisplay": "sans",
    "headerColor": null,
    "headingStyle": "rule-partial",
    "id": "meridian",
    "italicHeadings": false,
    "layout": "asymmetric",
    "name": "Meridian",
    "railColor": null,
    "showAvatar": false,
    "sidebarSide": null,
    "sidebarStyle": null,
    "supportsDarkToggle": false,
    "variant": null,
  },
  {
    "accent": "#1A5C45",
    "darkHeader": false,
    "density": "relaxed",
    "description": "Editorial italic serif",
    "displayFont": null,
    "fontDisplay": "serif",
    "headerColor": null,
    "headingStyle": "tracked",
    "id": "quill",
    "italicHeadings": true,
    "layout": "single",
    "name": "Quill",
    "railColor": null,
    "showAvatar": false,
    "sidebarSide": null,
    "sidebarStyle": null,
    "supportsDarkToggle": false,
    "variant": null,
  },
  {
    "accent": "#2F6F73",
    "darkHeader": true,
    "density": "relaxed",
    "description": "Wine band, teal titles",
    "displayFont": null,
    "fontDisplay": "serif",
    "headerColor": "#5B1A3A",
    "headingStyle": "rule-partial",
    "id": "mulberry",
    "italicHeadings": false,
    "layout": "single",
    "name": "Mulberry",
    "railColor": null,
    "showAvatar": false,
    "sidebarSide": null,
    "sidebarStyle": null,
    "supportsDarkToggle": false,
    "variant": null,
  },
  {
    "accent": "#8A6240",
    "darkHeader": false,
    "density": "relaxed",
    "description": "Right-hand details rail",
    "displayFont": null,
    "fontDisplay": "serif",
    "headerColor": null,
    "headingStyle": "rule-partial",
    "id": "aisle",
    "italicHeadings": false,
    "layout": "sidebar",
    "name": "Aisle",
    "railColor": null,
    "showAvatar": false,
    "sidebarSide": "right",
    "sidebarStyle": null,
    "supportsDarkToggle": false,
    "variant": null,
  },
  {
    "accent": "#46637A",
    "darkHeader": false,
    "density": "relaxed",
    "description": "Serif with heading marks",
    "displayFont": null,
    "fontDisplay": "serif",
    "headerColor": null,
    "headingStyle": "icon",
    "id": "glyph",
    "italicHeadings": false,
    "layout": "single",
    "name": "Glyph",
    "railColor": null,
    "showAvatar": false,
    "sidebarSide": null,
    "sidebarStyle": null,
    "supportsDarkToggle": false,
    "variant": null,
  },
  {
    "accent": "#B22234",
    "darkHeader": false,
    "density": "relaxed",
    "description": "Navy band, tricolour stripe",
    "displayFont": null,
    "fontDisplay": "sans",
    "headerColor": "#0F2446",
    "headingStyle": "bar",
    "id": "civic",
    "italicHeadings": false,
    "layout": "single",
    "name": "Civic",
    "railColor": null,
    "showAvatar": false,
    "sidebarSide": null,
    "sidebarStyle": null,
    "supportsDarkToggle": false,
    "variant": "civic",
  },
  {
    "accent": "#2F5D55",
    "darkHeader": true,
    "density": "relaxed",
    "description": "Teal header and sidebar",
    "displayFont": null,
    "fontDisplay": "sans",
    "headerColor": null,
    "headingStyle": "rule-partial",
    "id": "campus",
    "italicHeadings": false,
    "layout": "sidebar",
    "name": "Campus",
    "railColor": null,
    "showAvatar": false,
    "sidebarSide": "left",
    "sidebarStyle": null,
    "supportsDarkToggle": false,
    "variant": null,
  },
  {
    "accent": "#4A4A4A",
    "darkHeader": false,
    "density": "relaxed",
    "description": "Clean, with light/dark",
    "displayFont": null,
    "fontDisplay": "sans",
    "headerColor": null,
    "headingStyle": "rule-partial",
    "id": "nocturne",
    "italicHeadings": false,
    "layout": "single",
    "name": "Nocturne",
    "railColor": null,
    "showAvatar": false,
    "sidebarSide": null,
    "sidebarStyle": null,
    "supportsDarkToggle": true,
    "variant": null,
  },
  {
    "accent": "#23486B",
    "darkHeader": false,
    "density": "relaxed",
    "description": "Full-width title rules",
    "displayFont": null,
    "fontDisplay": "serif",
    "headerColor": null,
    "headingStyle": "rule-full",
    "id": "spine",
    "italicHeadings": false,
    "layout": "single",
    "name": "Spine",
    "railColor": null,
    "showAvatar": false,
    "sidebarSide": null,
    "sidebarStyle": null,
    "supportsDarkToggle": false,
    "variant": null,
  },
  {
    "accent": "#0F766E",
    "darkHeader": true,
    "density": "compact",
    "description": "Slate band, teal right rail",
    "displayFont": null,
    "fontDisplay": "sans",
    "headerColor": "#1E293B",
    "headingStyle": "rule-partial",
    "id": "lagoon",
    "italicHeadings": false,
    "layout": "sidebar",
    "name": "Lagoon",
    "railColor": "#1E293B",
    "showAvatar": false,
    "sidebarSide": "right",
    "sidebarStyle": null,
    "supportsDarkToggle": false,
    "variant": null,
  },
  {
    "accent": "#41454c",
    "darkHeader": false,
    "density": "compact",
    "description": "Compact engineering",
    "displayFont": null,
    "fontDisplay": "sans",
    "headerColor": null,
    "headingStyle": "tracked",
    "id": "gauge",
    "italicHeadings": false,
    "layout": "single",
    "name": "Gauge",
    "railColor": null,
    "showAvatar": false,
    "sidebarSide": null,
    "sidebarStyle": null,
    "supportsDarkToggle": false,
    "variant": null,
  },
  {
    "accent": "#0B7352",
    "darkHeader": false,
    "density": "relaxed",
    "description": "Code-card header, mono",
    "displayFont": "mono",
    "fontDisplay": "sans",
    "headerColor": "#0D1117",
    "headingStyle": "code",
    "id": "kernel",
    "italicHeadings": false,
    "layout": "single",
    "name": "Kernel",
    "railColor": null,
    "showAvatar": false,
    "sidebarSide": null,
    "sidebarStyle": null,
    "supportsDarkToggle": false,
    "variant": "kernel",
  },
  {
    "accent": "#26415E",
    "darkHeader": false,
    "density": "relaxed",
    "description": "Navy photo sidebar",
    "displayFont": null,
    "fontDisplay": "sans",
    "headerColor": null,
    "headingStyle": "rule-partial",
    "id": "navy",
    "italicHeadings": false,
    "layout": "sidebar",
    "name": "Navy",
    "railColor": null,
    "showAvatar": true,
    "sidebarSide": "left",
    "sidebarStyle": null,
    "supportsDarkToggle": false,
    "variant": null,
  },
  {
    "accent": "#22333B",
    "darkHeader": false,
    "density": "relaxed",
    "description": "Print-first and clean",
    "displayFont": null,
    "fontDisplay": "sans",
    "headerColor": null,
    "headingStyle": "rule-partial",
    "id": "folio",
    "italicHeadings": false,
    "layout": "single",
    "name": "Folio",
    "railColor": null,
    "showAvatar": false,
    "sidebarSide": null,
    "sidebarStyle": null,
    "supportsDarkToggle": false,
    "variant": null,
  },
  {
    "accent": "#33322E",
    "darkHeader": false,
    "density": "compact",
    "description": "High-density serif",
    "displayFont": null,
    "fontDisplay": "serif",
    "headerColor": null,
    "headingStyle": "plain",
    "id": "index",
    "italicHeadings": false,
    "layout": "single",
    "name": "Index",
    "railColor": null,
    "showAvatar": false,
    "sidebarSide": null,
    "sidebarStyle": null,
    "supportsDarkToggle": false,
    "variant": null,
  },
  {
    "accent": "#111827",
    "darkHeader": true,
    "density": "compact",
    "description": "Midnight header rail",
    "displayFont": null,
    "fontDisplay": "sans",
    "headerColor": null,
    "headingStyle": "rule-full",
    "id": "inkwell",
    "italicHeadings": false,
    "layout": "sidebar",
    "name": "Inkwell",
    "railColor": null,
    "showAvatar": false,
    "sidebarSide": "left",
    "sidebarStyle": null,
    "supportsDarkToggle": false,
    "variant": null,
  },
  {
    "accent": "#1D3557",
    "darkHeader": false,
    "density": "relaxed",
    "description": "Traditional academic",
    "displayFont": null,
    "fontDisplay": "serif",
    "headerColor": null,
    "headingStyle": "rule-partial",
    "id": "thesis",
    "italicHeadings": false,
    "layout": "single",
    "name": "Thesis",
    "railColor": null,
    "showAvatar": false,
    "sidebarSide": null,
    "sidebarStyle": null,
    "supportsDarkToggle": false,
    "variant": null,
  },
  {
    "accent": "#A35F00",
    "darkHeader": false,
    "density": "relaxed",
    "description": "Sapphire cards on grey",
    "displayFont": "syne",
    "fontDisplay": "sans",
    "headerColor": "#1B2B6B",
    "headingStyle": "tile",
    "id": "tessera",
    "italicHeadings": false,
    "layout": "single",
    "name": "Tessera",
    "railColor": null,
    "showAvatar": false,
    "sidebarSide": null,
    "sidebarStyle": null,
    "supportsDarkToggle": false,
    "variant": "tessera",
  },
  {
    "accent": "#3C241F",
    "darkHeader": false,
    "density": "compact",
    "description": "Espresso compact rail",
    "displayFont": null,
    "fontDisplay": "serif",
    "headerColor": null,
    "headingStyle": "boxed",
    "id": "sable",
    "italicHeadings": false,
    "layout": "sidebar",
    "name": "Sable",
    "railColor": null,
    "showAvatar": false,
    "sidebarSide": "right",
    "sidebarStyle": null,
    "supportsDarkToggle": false,
    "variant": null,
  },
  {
    "accent": "#25282B",
    "darkHeader": false,
    "density": "compact",
    "description": "Tight charcoal finance",
    "displayFont": null,
    "fontDisplay": "sans",
    "headerColor": null,
    "headingStyle": "plain",
    "id": "ledger",
    "italicHeadings": false,
    "layout": "single",
    "name": "Ledger",
    "railColor": null,
    "showAvatar": false,
    "sidebarSide": null,
    "sidebarStyle": null,
    "supportsDarkToggle": false,
    "variant": null,
  },
  {
    "accent": "#A65D32",
    "darkHeader": true,
    "density": "relaxed",
    "description": "Warm copper name band",
    "displayFont": null,
    "fontDisplay": "serif",
    "headerColor": null,
    "headingStyle": "boxed",
    "id": "copper",
    "italicHeadings": false,
    "layout": "single",
    "name": "Copper",
    "railColor": null,
    "showAvatar": false,
    "sidebarSide": null,
    "sidebarStyle": null,
    "supportsDarkToggle": false,
    "variant": null,
  },
]
`;
